#-----------------------------------------------------------
# Vivado v2024.2.1 (64-bit)
# SW Build 5266912 on Sun Dec 15 09:03:24 MST 2024
# IP Build 5264866 on Sun Dec 15 16:27:47 MST 2024
# SharedData Build 5264680 on Wed Dec 11 12:48:36 MST 2024
# Start of session at: Fri Apr 25 06:44:15 2025
# Process ID         : 20504
# Current directory  : C:/Users/aam08331/Documents/GitHub/4280-Group12/LRU/LRU Project/LRU Project.runs/impl_1
# Command line       : vivado.exe -log supertop.vdi -applog -product Vivado -messageDb vivado.pb -mode batch -source supertop.tcl -notrace
# Log file           : C:/Users/aam08331/Documents/GitHub/4280-Group12/LRU/LRU Project/LRU Project.runs/impl_1/supertop.vdi
# Journal file       : C:/Users/aam08331/Documents/GitHub/4280-Group12/LRU/LRU Project/LRU Project.runs/impl_1\vivado.jou
# Running On         : engr-d1409-009
# Platform           : Windows Server 2016 or Windows 10
# Operating System   : 19045
# Processor Detail   : 13th Gen Intel(R) Core(TM) i7-13700
# CPU Frequency      : 2112 MHz
# CPU Physical cores : 16
# CPU Logical cores  : 24
# Host memory        : 34033 MB
# Swap memory        : 2147 MB
# Total Virtual      : 36180 MB
# Available Virtual  : 18142 MB
#-----------------------------------------------------------
source supertop.tcl -notrace
